13:55:07 **** Incremental Build of configuration Default for project My_project ****
make all 
[1;34mCompiling main.c[0m
[1;34mLinking build/Project_template.elf[0m
[1;34mCreating build/Project_template.hex[0m
[1;34mCreating build/Project_template.bin[0m
[1;34mCreating build/Project_template.dmp[0m

   text	   data	    bss	    dec	    hex	filename
  61252	   3028	  17444	  81724	  13f3c	build/Project_template.elf
[1;34mCreating build/Project_template.list[0m

[1;34mDone[0m
13:55:12 **** Incremental Build of configuration Default for project My_project ****
make all 
make: Nothing to be done for 'all'.
